yutakasuzuki@YutakanoMacBook-Air git_challenge % git init
yutakasuzuki@YutakanoMacBook-Air git_challenge % git add hello_world.txt
yutakasuzuki@YutakanoMacBook-Air git_challenge % git commit -m "hello_world.txtを追加"
[main 63d0ed2] hello_world.txtを追加
 1 file changed, 1 insertion(+), 1 deletion(-)
yutakasuzuki@YutakanoMacBook-Air git_challenge % git add hello_world.txt       
yutakasuzuki@YutakanoMacBook-Air git_challenge % git commit -m "日本語訳を追記"
[main 65cbbaa] 日本語訳を追記
 1 file changed, 1 insertion(+)
yutakasuzuki@YutakanoMacBook-Air git_challenge % git log --oneline
65cbbaa (HEAD -> main) 日本語訳を追記
63d0ed2 hello_world.txtを追加
